[0.093s] DEBUG:colcon:Command line arguments: ['/usr/bin/colcon', 'build', '--symlink-install', '--packages-up-to', 'limo_cerrado_sim']
[0.093s] DEBUG:colcon:Parsed command line arguments: Namespace(log_base=None, log_level=None, verb_name='build', build_base='build', install_base='install', merge_install=False, symlink_install=True, test_result_base=None, continue_on_error=False, executor='parallel', parallel_workers=24, event_handlers=None, ignore_user_meta=False, metas=['./colcon.meta'], base_paths=['.'], packages_ignore=None, packages_ignore_regex=None, paths=None, packages_up_to=['limo_cerrado_sim'], packages_up_to_regex=None, packages_above=None, packages_above_and_dependencies=None, packages_above_depth=None, packages_select_by_dep=None, packages_skip_by_dep=None, packages_skip_up_to=None, packages_select_build_failed=False, packages_skip_build_finished=False, packages_select_test_failures=False, packages_skip_test_passed=False, packages_select=None, packages_skip=None, packages_select_regex=None, packages_skip_regex=None, packages_start=None, packages_end=None, cmake_args=None, cmake_target=None, cmake_target_skip_unavailable=False, cmake_clean_cache=False, cmake_clean_first=False, cmake_force_configure=False, ament_cmake_args=None, catkin_cmake_args=None, catkin_skip_building_tests=False, mixin_files=None, mixin=None, verb_parser=<colcon_mixin.mixin.mixin_argument.MixinArgumentDecorator object at 0x772e9717b8c0>, verb_extension=<colcon_core.verb.build.BuildVerb object at 0x772e9717b590>, main=<bound method BuildVerb.main of <colcon_core.verb.build.BuildVerb object at 0x772e9717b590>>, mixin_verb=('build',))
[0.135s] Level 1:colcon.colcon_core.package_discovery:discover_packages(colcon_meta) check parameters
[0.136s] INFO:colcon.colcon_metadata.package_discovery.colcon_meta:Using configuration from '/root/.colcon/metadata/default/Gazebo.meta'
[0.136s] INFO:colcon.colcon_metadata.package_discovery.colcon_meta:Using configuration from '/root/.colcon/metadata/default/fastdds.meta'
[0.136s] INFO:colcon.colcon_metadata.package_discovery.colcon_meta:Using configuration from '/root/.colcon/metadata/default/fastrtps.meta'
[0.136s] Level 1:colcon.colcon_core.package_discovery:discover_packages(recursive) check parameters
[0.136s] Level 1:colcon.colcon_core.package_discovery:discover_packages(ignore) check parameters
[0.136s] Level 1:colcon.colcon_core.package_discovery:discover_packages(path) check parameters
[0.136s] Level 1:colcon.colcon_core.package_discovery:discover_packages(colcon_meta) discover
[0.136s] Level 1:colcon.colcon_core.package_discovery:discover_packages(recursive) discover
[0.136s] INFO:colcon.colcon_core.package_discovery:Crawling recursively for packages in '/root/limo_ws'
[0.136s] Level 1:colcon.colcon_core.package_identification:_identify(.) by extensions ['ignore', 'ignore_ament_install']
[0.136s] Level 1:colcon.colcon_core.package_identification:_identify(.) by extension 'ignore'
[0.136s] Level 1:colcon.colcon_core.package_identification:_identify(.) by extension 'ignore_ament_install'
[0.136s] Level 1:colcon.colcon_core.package_identification:_identify(.) by extensions ['colcon_pkg']
[0.136s] Level 1:colcon.colcon_core.package_identification:_identify(.) by extension 'colcon_pkg'
[0.136s] Level 1:colcon.colcon_core.package_identification:_identify(.) by extensions ['colcon_meta']
[0.137s] Level 1:colcon.colcon_core.package_identification:_identify(.) by extension 'colcon_meta'
[0.137s] Level 1:colcon.colcon_core.package_identification:_identify(.) by extensions ['ros']
[0.137s] Level 1:colcon.colcon_core.package_identification:_identify(.) by extension 'ros'
[0.156s] Level 1:colcon.colcon_core.package_identification:_identify(.) by extensions ['cmake', 'python']
[0.157s] Level 1:colcon.colcon_core.package_identification:_identify(.) by extension 'cmake'
[0.157s] Level 1:colcon.colcon_core.package_identification:_identify(.) by extension 'python'
[0.157s] Level 1:colcon.colcon_core.package_identification:_identify(.) by extensions ['python_setup_py']
[0.157s] Level 1:colcon.colcon_core.package_identification:_identify(.) by extension 'python_setup_py'
[0.157s] Level 1:colcon.colcon_core.package_identification:_identify(build) by extensions ['ignore', 'ignore_ament_install']
[0.157s] Level 1:colcon.colcon_core.package_identification:_identify(build) by extension 'ignore'
[0.157s] Level 1:colcon.colcon_core.package_identification:_identify(build) ignored
[0.157s] Level 1:colcon.colcon_core.package_identification:_identify(install) by extensions ['ignore', 'ignore_ament_install']
[0.157s] Level 1:colcon.colcon_core.package_identification:_identify(install) by extension 'ignore'
[0.157s] Level 1:colcon.colcon_core.package_identification:_identify(install) ignored
[0.157s] Level 1:colcon.colcon_core.package_identification:_identify(log) by extensions ['ignore', 'ignore_ament_install']
[0.157s] Level 1:colcon.colcon_core.package_identification:_identify(log) by extension 'ignore'
[0.157s] Level 1:colcon.colcon_core.package_identification:_identify(log) ignored
[0.157s] Level 1:colcon.colcon_core.package_identification:_identify(src) by extensions ['ignore', 'ignore_ament_install']
[0.157s] Level 1:colcon.colcon_core.package_identification:_identify(src) by extension 'ignore'
[0.157s] Level 1:colcon.colcon_core.package_identification:_identify(src) by extension 'ignore_ament_install'
[0.157s] Level 1:colcon.colcon_core.package_identification:_identify(src) by extensions ['colcon_pkg']
[0.157s] Level 1:colcon.colcon_core.package_identification:_identify(src) by extension 'colcon_pkg'
[0.157s] Level 1:colcon.colcon_core.package_identification:_identify(src) by extensions ['colcon_meta']
[0.157s] Level 1:colcon.colcon_core.package_identification:_identify(src) by extension 'colcon_meta'
[0.157s] Level 1:colcon.colcon_core.package_identification:_identify(src) by extensions ['ros']
[0.157s] Level 1:colcon.colcon_core.package_identification:_identify(src) by extension 'ros'
[0.157s] Level 1:colcon.colcon_core.package_identification:_identify(src) by extensions ['cmake', 'python']
[0.157s] Level 1:colcon.colcon_core.package_identification:_identify(src) by extension 'cmake'
[0.157s] Level 1:colcon.colcon_core.package_identification:_identify(src) by extension 'python'
[0.157s] Level 1:colcon.colcon_core.package_identification:_identify(src) by extensions ['python_setup_py']
[0.157s] Level 1:colcon.colcon_core.package_identification:_identify(src) by extension 'python_setup_py'
[0.157s] Level 1:colcon.colcon_core.package_identification:_identify(src/limo_cerrado_sim) by extensions ['ignore', 'ignore_ament_install']
[0.157s] Level 1:colcon.colcon_core.package_identification:_identify(src/limo_cerrado_sim) by extension 'ignore'
[0.157s] Level 1:colcon.colcon_core.package_identification:_identify(src/limo_cerrado_sim) by extension 'ignore_ament_install'
[0.157s] Level 1:colcon.colcon_core.package_identification:_identify(src/limo_cerrado_sim) by extensions ['colcon_pkg']
[0.157s] Level 1:colcon.colcon_core.package_identification:_identify(src/limo_cerrado_sim) by extension 'colcon_pkg'
[0.157s] Level 1:colcon.colcon_core.package_identification:_identify(src/limo_cerrado_sim) by extensions ['colcon_meta']
[0.157s] Level 1:colcon.colcon_core.package_identification:_identify(src/limo_cerrado_sim) by extension 'colcon_meta'
[0.157s] Level 1:colcon.colcon_core.package_identification:_identify(src/limo_cerrado_sim) by extensions ['ros']
[0.157s] Level 1:colcon.colcon_core.package_identification:_identify(src/limo_cerrado_sim) by extension 'ros'
[0.159s] DEBUG:colcon.colcon_core.package_identification:Package 'src/limo_cerrado_sim' with type 'ros.ament_cmake' and name 'limo_cerrado_sim'
[0.159s] Level 1:colcon.colcon_core.package_identification:_identify(src/limo_ros2) by extensions ['ignore', 'ignore_ament_install']
[0.159s] Level 1:colcon.colcon_core.package_identification:_identify(src/limo_ros2) by extension 'ignore'
[0.160s] Level 1:colcon.colcon_core.package_identification:_identify(src/limo_ros2) by extension 'ignore_ament_install'
[0.160s] Level 1:colcon.colcon_core.package_identification:_identify(src/limo_ros2) by extensions ['colcon_pkg']
[0.160s] Level 1:colcon.colcon_core.package_identification:_identify(src/limo_ros2) by extension 'colcon_pkg'
[0.160s] Level 1:colcon.colcon_core.package_identification:_identify(src/limo_ros2) by extensions ['colcon_meta']
[0.160s] Level 1:colcon.colcon_core.package_identification:_identify(src/limo_ros2) by extension 'colcon_meta'
[0.160s] Level 1:colcon.colcon_core.package_identification:_identify(src/limo_ros2) by extensions ['ros']
[0.160s] Level 1:colcon.colcon_core.package_identification:_identify(src/limo_ros2) by extension 'ros'
[0.160s] Level 1:colcon.colcon_core.package_identification:_identify(src/limo_ros2) by extensions ['cmake', 'python']
[0.160s] Level 1:colcon.colcon_core.package_identification:_identify(src/limo_ros2) by extension 'cmake'
[0.160s] Level 1:colcon.colcon_core.package_identification:_identify(src/limo_ros2) by extension 'python'
[0.160s] Level 1:colcon.colcon_core.package_identification:_identify(src/limo_ros2) by extensions ['python_setup_py']
[0.160s] Level 1:colcon.colcon_core.package_identification:_identify(src/limo_ros2) by extension 'python_setup_py'
[0.160s] Level 1:colcon.colcon_core.package_identification:_identify(src/limo_ros2/limo_base) by extensions ['ignore', 'ignore_ament_install']
[0.160s] Level 1:colcon.colcon_core.package_identification:_identify(src/limo_ros2/limo_base) by extension 'ignore'
[0.160s] Level 1:colcon.colcon_core.package_identification:_identify(src/limo_ros2/limo_base) by extension 'ignore_ament_install'
[0.160s] Level 1:colcon.colcon_core.package_identification:_identify(src/limo_ros2/limo_base) by extensions ['colcon_pkg']
[0.160s] Level 1:colcon.colcon_core.package_identification:_identify(src/limo_ros2/limo_base) by extension 'colcon_pkg'
[0.160s] Level 1:colcon.colcon_core.package_identification:_identify(src/limo_ros2/limo_base) by extensions ['colcon_meta']
[0.160s] Level 1:colcon.colcon_core.package_identification:_identify(src/limo_ros2/limo_base) by extension 'colcon_meta'
[0.160s] Level 1:colcon.colcon_core.package_identification:_identify(src/limo_ros2/limo_base) by extensions ['ros']
[0.160s] Level 1:colcon.colcon_core.package_identification:_identify(src/limo_ros2/limo_base) by extension 'ros'
[0.160s] DEBUG:colcon.colcon_core.package_identification:Package 'src/limo_ros2/limo_base' with type 'ros.ament_cmake' and name 'limo_base'
[0.160s] Level 1:colcon.colcon_core.package_identification:_identify(src/limo_ros2/limo_car) by extensions ['ignore', 'ignore_ament_install']
[0.160s] Level 1:colcon.colcon_core.package_identification:_identify(src/limo_ros2/limo_car) by extension 'ignore'
[0.160s] Level 1:colcon.colcon_core.package_identification:_identify(src/limo_ros2/limo_car) by extension 'ignore_ament_install'
[0.160s] Level 1:colcon.colcon_core.package_identification:_identify(src/limo_ros2/limo_car) by extensions ['colcon_pkg']
[0.160s] Level 1:colcon.colcon_core.package_identification:_identify(src/limo_ros2/limo_car) by extension 'colcon_pkg'
[0.160s] Level 1:colcon.colcon_core.package_identification:_identify(src/limo_ros2/limo_car) by extensions ['colcon_meta']
[0.160s] Level 1:colcon.colcon_core.package_identification:_identify(src/limo_ros2/limo_car) by extension 'colcon_meta'
[0.160s] Level 1:colcon.colcon_core.package_identification:_identify(src/limo_ros2/limo_car) by extensions ['ros']
[0.160s] Level 1:colcon.colcon_core.package_identification:_identify(src/limo_ros2/limo_car) by extension 'ros'
[0.161s] DEBUG:colcon.colcon_core.package_identification:Package 'src/limo_ros2/limo_car' with type 'ros.ament_cmake' and name 'limo_car'
[0.161s] Level 1:colcon.colcon_core.package_identification:_identify(src/limo_ros2/limo_description) by extensions ['ignore', 'ignore_ament_install']
[0.161s] Level 1:colcon.colcon_core.package_identification:_identify(src/limo_ros2/limo_description) by extension 'ignore'
[0.161s] Level 1:colcon.colcon_core.package_identification:_identify(src/limo_ros2/limo_description) by extension 'ignore_ament_install'
[0.161s] Level 1:colcon.colcon_core.package_identification:_identify(src/limo_ros2/limo_description) by extensions ['colcon_pkg']
[0.161s] Level 1:colcon.colcon_core.package_identification:_identify(src/limo_ros2/limo_description) by extension 'colcon_pkg'
[0.161s] Level 1:colcon.colcon_core.package_identification:_identify(src/limo_ros2/limo_description) by extensions ['colcon_meta']
[0.161s] Level 1:colcon.colcon_core.package_identification:_identify(src/limo_ros2/limo_description) by extension 'colcon_meta'
[0.161s] Level 1:colcon.colcon_core.package_identification:_identify(src/limo_ros2/limo_description) by extensions ['ros']
[0.161s] Level 1:colcon.colcon_core.package_identification:_identify(src/limo_ros2/limo_description) by extension 'ros'
[0.161s] DEBUG:colcon.colcon_core.package_identification:Package 'src/limo_ros2/limo_description' with type 'ros.ament_cmake' and name 'limo_description'
[0.161s] Level 1:colcon.colcon_core.package_identification:_identify(src/limo_ros2/limo_msgs) by extensions ['ignore', 'ignore_ament_install']
[0.161s] Level 1:colcon.colcon_core.package_identification:_identify(src/limo_ros2/limo_msgs) by extension 'ignore'
[0.161s] Level 1:colcon.colcon_core.package_identification:_identify(src/limo_ros2/limo_msgs) by extension 'ignore_ament_install'
[0.161s] Level 1:colcon.colcon_core.package_identification:_identify(src/limo_ros2/limo_msgs) by extensions ['colcon_pkg']
[0.161s] Level 1:colcon.colcon_core.package_identification:_identify(src/limo_ros2/limo_msgs) by extension 'colcon_pkg'
[0.161s] Level 1:colcon.colcon_core.package_identification:_identify(src/limo_ros2/limo_msgs) by extensions ['colcon_meta']
[0.161s] Level 1:colcon.colcon_core.package_identification:_identify(src/limo_ros2/limo_msgs) by extension 'colcon_meta'
[0.161s] Level 1:colcon.colcon_core.package_identification:_identify(src/limo_ros2/limo_msgs) by extensions ['ros']
[0.161s] Level 1:colcon.colcon_core.package_identification:_identify(src/limo_ros2/limo_msgs) by extension 'ros'
[0.162s] DEBUG:colcon.colcon_core.package_identification:Package 'src/limo_ros2/limo_msgs' with type 'ros.ament_cmake' and name 'limo_msgs'
[0.162s] Level 1:colcon.colcon_core.package_discovery:discover_packages(recursive) using defaults
[0.162s] Level 1:colcon.colcon_core.package_discovery:discover_packages(ignore) discover
[0.162s] Level 1:colcon.colcon_core.package_discovery:discover_packages(ignore) using defaults
[0.162s] Level 1:colcon.colcon_core.package_discovery:discover_packages(path) discover
[0.162s] Level 1:colcon.colcon_core.package_discovery:discover_packages(path) using defaults
[0.178s] INFO:colcon.colcon_core.package_selection:Skipping package 'limo_base' in 'src/limo_ros2/limo_base'
[0.178s] INFO:colcon.colcon_core.package_selection:Skipping package 'limo_msgs' in 'src/limo_ros2/limo_msgs'
[0.178s] INFO:colcon.colcon_core.package_selection:Skipping package 'limo_car' in 'src/limo_ros2/limo_car'
[0.178s] Level 5:colcon.colcon_core.verb:set package 'limo_description' build argument 'cmake_args' from command line to 'None'
[0.178s] Level 5:colcon.colcon_core.verb:set package 'limo_description' build argument 'cmake_target' from command line to 'None'
[0.178s] Level 5:colcon.colcon_core.verb:set package 'limo_description' build argument 'cmake_target_skip_unavailable' from command line to 'False'
[0.178s] Level 5:colcon.colcon_core.verb:set package 'limo_description' build argument 'cmake_clean_cache' from command line to 'False'
[0.178s] Level 5:colcon.colcon_core.verb:set package 'limo_description' build argument 'cmake_clean_first' from command line to 'False'
[0.178s] Level 5:colcon.colcon_core.verb:set package 'limo_description' build argument 'cmake_force_configure' from command line to 'False'
[0.178s] Level 5:colcon.colcon_core.verb:set package 'limo_description' build argument 'ament_cmake_args' from command line to 'None'
[0.178s] Level 5:colcon.colcon_core.verb:set package 'limo_description' build argument 'catkin_cmake_args' from command line to 'None'
[0.178s] Level 5:colcon.colcon_core.verb:set package 'limo_description' build argument 'catkin_skip_building_tests' from command line to 'False'
[0.178s] DEBUG:colcon.colcon_core.verb:Building package 'limo_description' with the following arguments: {'ament_cmake_args': None, 'build_base': '/root/limo_ws/build/limo_description', 'catkin_cmake_args': None, 'catkin_skip_building_tests': False, 'cmake_args': None, 'cmake_clean_cache': False, 'cmake_clean_first': False, 'cmake_force_configure': False, 'cmake_target': None, 'cmake_target_skip_unavailable': False, 'install_base': '/root/limo_ws/install/limo_description', 'merge_install': False, 'path': '/root/limo_ws/src/limo_ros2/limo_description', 'symlink_install': True, 'test_result_base': None}
[0.178s] Level 5:colcon.colcon_core.verb:set package 'limo_cerrado_sim' build argument 'cmake_args' from command line to 'None'
[0.178s] Level 5:colcon.colcon_core.verb:set package 'limo_cerrado_sim' build argument 'cmake_target' from command line to 'None'
[0.178s] Level 5:colcon.colcon_core.verb:set package 'limo_cerrado_sim' build argument 'cmake_target_skip_unavailable' from command line to 'False'
[0.178s] Level 5:colcon.colcon_core.verb:set package 'limo_cerrado_sim' build argument 'cmake_clean_cache' from command line to 'False'
[0.178s] Level 5:colcon.colcon_core.verb:set package 'limo_cerrado_sim' build argument 'cmake_clean_first' from command line to 'False'
[0.179s] Level 5:colcon.colcon_core.verb:set package 'limo_cerrado_sim' build argument 'cmake_force_configure' from command line to 'False'
[0.179s] Level 5:colcon.colcon_core.verb:set package 'limo_cerrado_sim' build argument 'ament_cmake_args' from command line to 'None'
[0.179s] Level 5:colcon.colcon_core.verb:set package 'limo_cerrado_sim' build argument 'catkin_cmake_args' from command line to 'None'
[0.179s] Level 5:colcon.colcon_core.verb:set package 'limo_cerrado_sim' build argument 'catkin_skip_building_tests' from command line to 'False'
[0.179s] DEBUG:colcon.colcon_core.verb:Building package 'limo_cerrado_sim' with the following arguments: {'ament_cmake_args': None, 'build_base': '/root/limo_ws/build/limo_cerrado_sim', 'catkin_cmake_args': None, 'catkin_skip_building_tests': False, 'cmake_args': None, 'cmake_clean_cache': False, 'cmake_clean_first': False, 'cmake_force_configure': False, 'cmake_target': None, 'cmake_target_skip_unavailable': False, 'install_base': '/root/limo_ws/install/limo_cerrado_sim', 'merge_install': False, 'path': '/root/limo_ws/src/limo_cerrado_sim', 'symlink_install': True, 'test_result_base': None}
[0.179s] INFO:colcon.colcon_core.executor:Executing jobs using 'parallel' executor
[0.179s] DEBUG:colcon.colcon_parallel_executor.executor.parallel:run_until_complete
[0.179s] INFO:colcon.colcon_ros.task.ament_cmake.build:Building ROS package in '/root/limo_ws/src/limo_ros2/limo_description' with build type 'ament_cmake'
[0.179s] INFO:colcon.colcon_cmake.task.cmake.build:Building CMake package in '/root/limo_ws/src/limo_ros2/limo_description'
[0.181s] INFO:colcon.colcon_core.plugin_system:Skipping extension 'colcon_core.shell.bat': Not used on non-Windows systems
[0.181s] INFO:colcon.colcon_core.shell:Skip shell extension 'powershell' for command environment: Not usable outside of PowerShell
[0.181s] DEBUG:colcon.colcon_core.shell:Skip shell extension 'dsv' for command environment
[0.190s] DEBUG:colcon.colcon_core.event_handler.log_command:Invoking command in '/root/limo_ws/build/limo_description': CMAKE_PREFIX_PATH=${CMAKE_PREFIX_PATH}:/root/mrs_ws/install/tree_measuring:/root/mrs_ws/install/popovic_ipp:/root/mrs_ws/install/informative_planner DEBUGINFOD_URLS=https://debuginfod.ubuntu.com /usr/bin/cmake /root/limo_ws/src/limo_ros2/limo_description -DAMENT_CMAKE_SYMLINK_INSTALL=1 -DCMAKE_INSTALL_PREFIX=/root/limo_ws/install/limo_description
[1.053s] DEBUG:colcon.colcon_core.event_handler.log_command:Invoked command in '/root/limo_ws/build/limo_description' returned '0': CMAKE_PREFIX_PATH=${CMAKE_PREFIX_PATH}:/root/mrs_ws/install/tree_measuring:/root/mrs_ws/install/popovic_ipp:/root/mrs_ws/install/informative_planner DEBUGINFOD_URLS=https://debuginfod.ubuntu.com /usr/bin/cmake /root/limo_ws/src/limo_ros2/limo_description -DAMENT_CMAKE_SYMLINK_INSTALL=1 -DCMAKE_INSTALL_PREFIX=/root/limo_ws/install/limo_description
[1.053s] DEBUG:colcon.colcon_core.event_handler.log_command:Invoking command in '/root/limo_ws/build/limo_description': CMAKE_PREFIX_PATH=${CMAKE_PREFIX_PATH}:/root/mrs_ws/install/tree_measuring:/root/mrs_ws/install/popovic_ipp:/root/mrs_ws/install/informative_planner DEBUGINFOD_URLS=https://debuginfod.ubuntu.com /usr/bin/cmake --build /root/limo_ws/build/limo_description -- -j24 -l24
[1.091s] DEBUG:colcon.colcon_core.event_handler.log_command:Invoked command in '/root/limo_ws/build/limo_description' returned '0': CMAKE_PREFIX_PATH=${CMAKE_PREFIX_PATH}:/root/mrs_ws/install/tree_measuring:/root/mrs_ws/install/popovic_ipp:/root/mrs_ws/install/informative_planner DEBUGINFOD_URLS=https://debuginfod.ubuntu.com /usr/bin/cmake --build /root/limo_ws/build/limo_description -- -j24 -l24
[1.100s] DEBUG:colcon.colcon_core.event_handler.log_command:Invoking command in '/root/limo_ws/build/limo_description': CMAKE_PREFIX_PATH=${CMAKE_PREFIX_PATH}:/root/mrs_ws/install/tree_measuring:/root/mrs_ws/install/popovic_ipp:/root/mrs_ws/install/informative_planner DEBUGINFOD_URLS=https://debuginfod.ubuntu.com /usr/bin/cmake --install /root/limo_ws/build/limo_description
[1.359s] Level 1:colcon.colcon_core.environment:create_environment_scripts_only(limo_description)
[1.359s] DEBUG:colcon.colcon_core.event_handler.log_command:Invoked command in '/root/limo_ws/build/limo_description' returned '0': CMAKE_PREFIX_PATH=${CMAKE_PREFIX_PATH}:/root/mrs_ws/install/tree_measuring:/root/mrs_ws/install/popovic_ipp:/root/mrs_ws/install/informative_planner DEBUGINFOD_URLS=https://debuginfod.ubuntu.com /usr/bin/cmake --install /root/limo_ws/build/limo_description
[1.362s] Level 1:colcon.colcon_core.environment:checking '/root/limo_ws/install/limo_description' for CMake module files
[1.363s] Level 1:colcon.colcon_core.environment:checking '/root/limo_ws/install/limo_description' for CMake config files
[1.363s] Level 1:colcon.colcon_core.shell:create_environment_hook('limo_description', 'cmake_prefix_path')
[1.363s] INFO:colcon.colcon_core.shell:Creating environment hook '/root/limo_ws/install/limo_description/share/limo_description/hook/cmake_prefix_path.ps1'
[1.363s] INFO:colcon.colcon_core.shell:Creating environment descriptor '/root/limo_ws/install/limo_description/share/limo_description/hook/cmake_prefix_path.dsv'
[1.364s] INFO:colcon.colcon_core.shell:Creating environment hook '/root/limo_ws/install/limo_description/share/limo_description/hook/cmake_prefix_path.sh'
[1.364s] Level 1:colcon.colcon_core.environment:checking '/root/limo_ws/install/limo_description/bin'
[1.364s] Level 1:colcon.colcon_core.environment:checking '/root/limo_ws/install/limo_description/lib/pkgconfig/limo_description.pc'
[1.366s] Level 1:colcon.colcon_core.environment:checking '/root/limo_ws/install/limo_description/lib/python3.12/site-packages'
[1.366s] Level 1:colcon.colcon_core.environment:checking '/root/limo_ws/install/limo_description/bin'
[1.366s] INFO:colcon.colcon_core.shell:Creating package script '/root/limo_ws/install/limo_description/share/limo_description/package.ps1'
[1.367s] INFO:colcon.colcon_core.shell:Creating package descriptor '/root/limo_ws/install/limo_description/share/limo_description/package.dsv'
[1.367s] INFO:colcon.colcon_core.shell:Creating package script '/root/limo_ws/install/limo_description/share/limo_description/package.sh'
[1.368s] INFO:colcon.colcon_core.shell:Creating package script '/root/limo_ws/install/limo_description/share/limo_description/package.bash'
[1.368s] INFO:colcon.colcon_core.shell:Creating package script '/root/limo_ws/install/limo_description/share/limo_description/package.zsh'
[1.369s] Level 1:colcon.colcon_core.environment:create_file_with_runtime_dependencies(/root/limo_ws/install/limo_description/share/colcon-core/packages/limo_description)
[1.369s] Level 1:colcon.colcon_core.environment:create_environment_scripts_only(limo_description)
[1.370s] Level 1:colcon.colcon_core.environment:checking '/root/limo_ws/install/limo_description' for CMake module files
[1.370s] Level 1:colcon.colcon_core.environment:checking '/root/limo_ws/install/limo_description' for CMake config files
[1.370s] Level 1:colcon.colcon_core.shell:create_environment_hook('limo_description', 'cmake_prefix_path')
[1.370s] INFO:colcon.colcon_core.shell:Creating environment hook '/root/limo_ws/install/limo_description/share/limo_description/hook/cmake_prefix_path.ps1'
[1.370s] INFO:colcon.colcon_core.shell:Creating environment descriptor '/root/limo_ws/install/limo_description/share/limo_description/hook/cmake_prefix_path.dsv'
[1.370s] INFO:colcon.colcon_core.shell:Creating environment hook '/root/limo_ws/install/limo_description/share/limo_description/hook/cmake_prefix_path.sh'
[1.371s] Level 1:colcon.colcon_core.environment:checking '/root/limo_ws/install/limo_description/bin'
[1.371s] Level 1:colcon.colcon_core.environment:checking '/root/limo_ws/install/limo_description/lib/pkgconfig/limo_description.pc'
[1.371s] Level 1:colcon.colcon_core.environment:checking '/root/limo_ws/install/limo_description/lib/python3.12/site-packages'
[1.371s] Level 1:colcon.colcon_core.environment:checking '/root/limo_ws/install/limo_description/bin'
[1.371s] INFO:colcon.colcon_core.shell:Creating package script '/root/limo_ws/install/limo_description/share/limo_description/package.ps1'
[1.371s] INFO:colcon.colcon_core.shell:Creating package descriptor '/root/limo_ws/install/limo_description/share/limo_description/package.dsv'
[1.372s] INFO:colcon.colcon_core.shell:Creating package script '/root/limo_ws/install/limo_description/share/limo_description/package.sh'
[1.372s] INFO:colcon.colcon_core.shell:Creating package script '/root/limo_ws/install/limo_description/share/limo_description/package.bash'
[1.372s] INFO:colcon.colcon_core.shell:Creating package script '/root/limo_ws/install/limo_description/share/limo_description/package.zsh'
[1.372s] Level 1:colcon.colcon_core.environment:create_file_with_runtime_dependencies(/root/limo_ws/install/limo_description/share/colcon-core/packages/limo_description)
[1.372s] INFO:colcon.colcon_ros.task.ament_cmake.build:Building ROS package in '/root/limo_ws/src/limo_cerrado_sim' with build type 'ament_cmake'
[1.372s] INFO:colcon.colcon_cmake.task.cmake.build:Building CMake package in '/root/limo_ws/src/limo_cerrado_sim'
[1.373s] INFO:colcon.colcon_core.shell:Skip shell extension 'powershell' for command environment: Not usable outside of PowerShell
[1.373s] DEBUG:colcon.colcon_core.shell:Skip shell extension 'dsv' for command environment
[1.380s] DEBUG:colcon.colcon_core.event_handler.log_command:Invoking command in '/root/limo_ws/build/limo_cerrado_sim': AMENT_PREFIX_PATH=/root/limo_ws/install/limo_description:${AMENT_PREFIX_PATH} CMAKE_PREFIX_PATH=/root/limo_ws/install/limo_description:/root/mrs_ws/install/tree_mapper:/root/mrs_ws/install/pointcloud_to_laserscan:/root/world_ws/install/biomass_simulation_resources:/opt/ros/jazzy:/opt/ros/jazzy/opt/gz_sim_vendor:/opt/ros/jazzy/opt/gz_sensors_vendor:/opt/ros/jazzy/opt/gz_physics_vendor:/opt/ros/jazzy/opt/sdformat_vendor:/opt/ros/jazzy/opt/gz_gui_vendor:/opt/ros/jazzy/opt/gz_transport_vendor:/opt/ros/jazzy/opt/gz_rendering_vendor:/opt/ros/jazzy/opt/gz_plugin_vendor:/opt/ros/jazzy/opt/gz_fuel_tools_vendor:/opt/ros/jazzy/opt/gz_msgs_vendor:/opt/ros/jazzy/opt/gz_common_vendor:/opt/ros/jazzy/opt/gz_math_vendor:/opt/ros/jazzy/opt/gz_utils_vendor:/opt/ros/jazzy/opt/gz_tools_vendor:/opt/ros/jazzy/opt/gz_ogre_next_vendor:/opt/ros/jazzy/opt/gz_dartsim_vendor:/opt/ros/jazzy/opt/gz_cmake_vendor:/root/mrs_ws/install/tree_measuring:/root/mrs_ws/install/popovic_ipp:/root/mrs_ws/install/informative_planner DEBUGINFOD_URLS=https://debuginfod.ubuntu.com /usr/bin/cmake /root/limo_ws/src/limo_cerrado_sim -DAMENT_CMAKE_SYMLINK_INSTALL=1 -DCMAKE_INSTALL_PREFIX=/root/limo_ws/install/limo_cerrado_sim
[1.981s] DEBUG:colcon.colcon_core.event_handler.log_command:Invoked command in '/root/limo_ws/build/limo_cerrado_sim' returned '0': AMENT_PREFIX_PATH=/root/limo_ws/install/limo_description:${AMENT_PREFIX_PATH} CMAKE_PREFIX_PATH=/root/limo_ws/install/limo_description:/root/mrs_ws/install/tree_mapper:/root/mrs_ws/install/pointcloud_to_laserscan:/root/world_ws/install/biomass_simulation_resources:/opt/ros/jazzy:/opt/ros/jazzy/opt/gz_sim_vendor:/opt/ros/jazzy/opt/gz_sensors_vendor:/opt/ros/jazzy/opt/gz_physics_vendor:/opt/ros/jazzy/opt/sdformat_vendor:/opt/ros/jazzy/opt/gz_gui_vendor:/opt/ros/jazzy/opt/gz_transport_vendor:/opt/ros/jazzy/opt/gz_rendering_vendor:/opt/ros/jazzy/opt/gz_plugin_vendor:/opt/ros/jazzy/opt/gz_fuel_tools_vendor:/opt/ros/jazzy/opt/gz_msgs_vendor:/opt/ros/jazzy/opt/gz_common_vendor:/opt/ros/jazzy/opt/gz_math_vendor:/opt/ros/jazzy/opt/gz_utils_vendor:/opt/ros/jazzy/opt/gz_tools_vendor:/opt/ros/jazzy/opt/gz_ogre_next_vendor:/opt/ros/jazzy/opt/gz_dartsim_vendor:/opt/ros/jazzy/opt/gz_cmake_vendor:/root/mrs_ws/install/tree_measuring:/root/mrs_ws/install/popovic_ipp:/root/mrs_ws/install/informative_planner DEBUGINFOD_URLS=https://debuginfod.ubuntu.com /usr/bin/cmake /root/limo_ws/src/limo_cerrado_sim -DAMENT_CMAKE_SYMLINK_INSTALL=1 -DCMAKE_INSTALL_PREFIX=/root/limo_ws/install/limo_cerrado_sim
[1.981s] DEBUG:colcon.colcon_core.event_handler.log_command:Invoking command in '/root/limo_ws/build/limo_cerrado_sim': AMENT_PREFIX_PATH=/root/limo_ws/install/limo_description:${AMENT_PREFIX_PATH} CMAKE_PREFIX_PATH=/root/limo_ws/install/limo_description:/root/mrs_ws/install/tree_mapper:/root/mrs_ws/install/pointcloud_to_laserscan:/root/world_ws/install/biomass_simulation_resources:/opt/ros/jazzy:/opt/ros/jazzy/opt/gz_sim_vendor:/opt/ros/jazzy/opt/gz_sensors_vendor:/opt/ros/jazzy/opt/gz_physics_vendor:/opt/ros/jazzy/opt/sdformat_vendor:/opt/ros/jazzy/opt/gz_gui_vendor:/opt/ros/jazzy/opt/gz_transport_vendor:/opt/ros/jazzy/opt/gz_rendering_vendor:/opt/ros/jazzy/opt/gz_plugin_vendor:/opt/ros/jazzy/opt/gz_fuel_tools_vendor:/opt/ros/jazzy/opt/gz_msgs_vendor:/opt/ros/jazzy/opt/gz_common_vendor:/opt/ros/jazzy/opt/gz_math_vendor:/opt/ros/jazzy/opt/gz_utils_vendor:/opt/ros/jazzy/opt/gz_tools_vendor:/opt/ros/jazzy/opt/gz_ogre_next_vendor:/opt/ros/jazzy/opt/gz_dartsim_vendor:/opt/ros/jazzy/opt/gz_cmake_vendor:/root/mrs_ws/install/tree_measuring:/root/mrs_ws/install/popovic_ipp:/root/mrs_ws/install/informative_planner DEBUGINFOD_URLS=https://debuginfod.ubuntu.com /usr/bin/cmake --build /root/limo_ws/build/limo_cerrado_sim -- -j24 -l24
[2.019s] DEBUG:colcon.colcon_core.event_handler.log_command:Invoked command in '/root/limo_ws/build/limo_cerrado_sim' returned '0': AMENT_PREFIX_PATH=/root/limo_ws/install/limo_description:${AMENT_PREFIX_PATH} CMAKE_PREFIX_PATH=/root/limo_ws/install/limo_description:/root/mrs_ws/install/tree_mapper:/root/mrs_ws/install/pointcloud_to_laserscan:/root/world_ws/install/biomass_simulation_resources:/opt/ros/jazzy:/opt/ros/jazzy/opt/gz_sim_vendor:/opt/ros/jazzy/opt/gz_sensors_vendor:/opt/ros/jazzy/opt/gz_physics_vendor:/opt/ros/jazzy/opt/sdformat_vendor:/opt/ros/jazzy/opt/gz_gui_vendor:/opt/ros/jazzy/opt/gz_transport_vendor:/opt/ros/jazzy/opt/gz_rendering_vendor:/opt/ros/jazzy/opt/gz_plugin_vendor:/opt/ros/jazzy/opt/gz_fuel_tools_vendor:/opt/ros/jazzy/opt/gz_msgs_vendor:/opt/ros/jazzy/opt/gz_common_vendor:/opt/ros/jazzy/opt/gz_math_vendor:/opt/ros/jazzy/opt/gz_utils_vendor:/opt/ros/jazzy/opt/gz_tools_vendor:/opt/ros/jazzy/opt/gz_ogre_next_vendor:/opt/ros/jazzy/opt/gz_dartsim_vendor:/opt/ros/jazzy/opt/gz_cmake_vendor:/root/mrs_ws/install/tree_measuring:/root/mrs_ws/install/popovic_ipp:/root/mrs_ws/install/informative_planner DEBUGINFOD_URLS=https://debuginfod.ubuntu.com /usr/bin/cmake --build /root/limo_ws/build/limo_cerrado_sim -- -j24 -l24
[2.019s] DEBUG:colcon.colcon_core.event_handler.log_command:Invoking command in '/root/limo_ws/build/limo_cerrado_sim': AMENT_PREFIX_PATH=/root/limo_ws/install/limo_description:${AMENT_PREFIX_PATH} CMAKE_PREFIX_PATH=/root/limo_ws/install/limo_description:/root/mrs_ws/install/tree_mapper:/root/mrs_ws/install/pointcloud_to_laserscan:/root/world_ws/install/biomass_simulation_resources:/opt/ros/jazzy:/opt/ros/jazzy/opt/gz_sim_vendor:/opt/ros/jazzy/opt/gz_sensors_vendor:/opt/ros/jazzy/opt/gz_physics_vendor:/opt/ros/jazzy/opt/sdformat_vendor:/opt/ros/jazzy/opt/gz_gui_vendor:/opt/ros/jazzy/opt/gz_transport_vendor:/opt/ros/jazzy/opt/gz_rendering_vendor:/opt/ros/jazzy/opt/gz_plugin_vendor:/opt/ros/jazzy/opt/gz_fuel_tools_vendor:/opt/ros/jazzy/opt/gz_msgs_vendor:/opt/ros/jazzy/opt/gz_common_vendor:/opt/ros/jazzy/opt/gz_math_vendor:/opt/ros/jazzy/opt/gz_utils_vendor:/opt/ros/jazzy/opt/gz_tools_vendor:/opt/ros/jazzy/opt/gz_ogre_next_vendor:/opt/ros/jazzy/opt/gz_dartsim_vendor:/opt/ros/jazzy/opt/gz_cmake_vendor:/root/mrs_ws/install/tree_measuring:/root/mrs_ws/install/popovic_ipp:/root/mrs_ws/install/informative_planner DEBUGINFOD_URLS=https://debuginfod.ubuntu.com /usr/bin/cmake --install /root/limo_ws/build/limo_cerrado_sim
[3.423s] Level 1:colcon.colcon_core.environment:create_environment_scripts_only(limo_cerrado_sim)
[3.424s] Level 1:colcon.colcon_core.environment:checking '/root/limo_ws/install/limo_cerrado_sim' for CMake module files
[3.424s] DEBUG:colcon.colcon_core.event_handler.log_command:Invoked command in '/root/limo_ws/build/limo_cerrado_sim' returned '0': AMENT_PREFIX_PATH=/root/limo_ws/install/limo_description:${AMENT_PREFIX_PATH} CMAKE_PREFIX_PATH=/root/limo_ws/install/limo_description:/root/mrs_ws/install/tree_mapper:/root/mrs_ws/install/pointcloud_to_laserscan:/root/world_ws/install/biomass_simulation_resources:/opt/ros/jazzy:/opt/ros/jazzy/opt/gz_sim_vendor:/opt/ros/jazzy/opt/gz_sensors_vendor:/opt/ros/jazzy/opt/gz_physics_vendor:/opt/ros/jazzy/opt/sdformat_vendor:/opt/ros/jazzy/opt/gz_gui_vendor:/opt/ros/jazzy/opt/gz_transport_vendor:/opt/ros/jazzy/opt/gz_rendering_vendor:/opt/ros/jazzy/opt/gz_plugin_vendor:/opt/ros/jazzy/opt/gz_fuel_tools_vendor:/opt/ros/jazzy/opt/gz_msgs_vendor:/opt/ros/jazzy/opt/gz_common_vendor:/opt/ros/jazzy/opt/gz_math_vendor:/opt/ros/jazzy/opt/gz_utils_vendor:/opt/ros/jazzy/opt/gz_tools_vendor:/opt/ros/jazzy/opt/gz_ogre_next_vendor:/opt/ros/jazzy/opt/gz_dartsim_vendor:/opt/ros/jazzy/opt/gz_cmake_vendor:/root/mrs_ws/install/tree_measuring:/root/mrs_ws/install/popovic_ipp:/root/mrs_ws/install/informative_planner DEBUGINFOD_URLS=https://debuginfod.ubuntu.com /usr/bin/cmake --install /root/limo_ws/build/limo_cerrado_sim
[3.424s] Level 1:colcon.colcon_core.environment:checking '/root/limo_ws/install/limo_cerrado_sim' for CMake config files
[3.425s] Level 1:colcon.colcon_core.shell:create_environment_hook('limo_cerrado_sim', 'cmake_prefix_path')
[3.425s] INFO:colcon.colcon_core.shell:Creating environment hook '/root/limo_ws/install/limo_cerrado_sim/share/limo_cerrado_sim/hook/cmake_prefix_path.ps1'
[3.425s] INFO:colcon.colcon_core.shell:Creating environment descriptor '/root/limo_ws/install/limo_cerrado_sim/share/limo_cerrado_sim/hook/cmake_prefix_path.dsv'
[3.425s] INFO:colcon.colcon_core.shell:Creating environment hook '/root/limo_ws/install/limo_cerrado_sim/share/limo_cerrado_sim/hook/cmake_prefix_path.sh'
[3.426s] Level 1:colcon.colcon_core.environment:checking '/root/limo_ws/install/limo_cerrado_sim/bin'
[3.426s] Level 1:colcon.colcon_core.environment:checking '/root/limo_ws/install/limo_cerrado_sim/lib/pkgconfig/limo_cerrado_sim.pc'
[3.426s] Level 1:colcon.colcon_core.environment:checking '/root/limo_ws/install/limo_cerrado_sim/lib/python3.12/site-packages'
[3.426s] Level 1:colcon.colcon_core.environment:checking '/root/limo_ws/install/limo_cerrado_sim/bin'
[3.426s] INFO:colcon.colcon_core.shell:Creating package script '/root/limo_ws/install/limo_cerrado_sim/share/limo_cerrado_sim/package.ps1'
[3.426s] INFO:colcon.colcon_core.shell:Creating package descriptor '/root/limo_ws/install/limo_cerrado_sim/share/limo_cerrado_sim/package.dsv'
[3.426s] INFO:colcon.colcon_core.shell:Creating package script '/root/limo_ws/install/limo_cerrado_sim/share/limo_cerrado_sim/package.sh'
[3.427s] INFO:colcon.colcon_core.shell:Creating package script '/root/limo_ws/install/limo_cerrado_sim/share/limo_cerrado_sim/package.bash'
[3.427s] INFO:colcon.colcon_core.shell:Creating package script '/root/limo_ws/install/limo_cerrado_sim/share/limo_cerrado_sim/package.zsh'
[3.427s] Level 1:colcon.colcon_core.environment:create_file_with_runtime_dependencies(/root/limo_ws/install/limo_cerrado_sim/share/colcon-core/packages/limo_cerrado_sim)
[3.427s] Level 1:colcon.colcon_core.environment:create_environment_scripts_only(limo_cerrado_sim)
[3.427s] Level 1:colcon.colcon_core.environment:checking '/root/limo_ws/install/limo_cerrado_sim' for CMake module files
[3.427s] Level 1:colcon.colcon_core.environment:checking '/root/limo_ws/install/limo_cerrado_sim' for CMake config files
[3.428s] Level 1:colcon.colcon_core.shell:create_environment_hook('limo_cerrado_sim', 'cmake_prefix_path')
[3.428s] INFO:colcon.colcon_core.shell:Creating environment hook '/root/limo_ws/install/limo_cerrado_sim/share/limo_cerrado_sim/hook/cmake_prefix_path.ps1'
[3.428s] INFO:colcon.colcon_core.shell:Creating environment descriptor '/root/limo_ws/install/limo_cerrado_sim/share/limo_cerrado_sim/hook/cmake_prefix_path.dsv'
[3.428s] INFO:colcon.colcon_core.shell:Creating environment hook '/root/limo_ws/install/limo_cerrado_sim/share/limo_cerrado_sim/hook/cmake_prefix_path.sh'
[3.428s] Level 1:colcon.colcon_core.environment:checking '/root/limo_ws/install/limo_cerrado_sim/bin'
[3.428s] Level 1:colcon.colcon_core.environment:checking '/root/limo_ws/install/limo_cerrado_sim/lib/pkgconfig/limo_cerrado_sim.pc'
[3.428s] Level 1:colcon.colcon_core.environment:checking '/root/limo_ws/install/limo_cerrado_sim/lib/python3.12/site-packages'
[3.429s] Level 1:colcon.colcon_core.environment:checking '/root/limo_ws/install/limo_cerrado_sim/bin'
[3.429s] INFO:colcon.colcon_core.shell:Creating package script '/root/limo_ws/install/limo_cerrado_sim/share/limo_cerrado_sim/package.ps1'
[3.429s] INFO:colcon.colcon_core.shell:Creating package descriptor '/root/limo_ws/install/limo_cerrado_sim/share/limo_cerrado_sim/package.dsv'
[3.429s] INFO:colcon.colcon_core.shell:Creating package script '/root/limo_ws/install/limo_cerrado_sim/share/limo_cerrado_sim/package.sh'
[3.429s] INFO:colcon.colcon_core.shell:Creating package script '/root/limo_ws/install/limo_cerrado_sim/share/limo_cerrado_sim/package.bash'
[3.429s] INFO:colcon.colcon_core.shell:Creating package script '/root/limo_ws/install/limo_cerrado_sim/share/limo_cerrado_sim/package.zsh'
[3.429s] Level 1:colcon.colcon_core.environment:create_file_with_runtime_dependencies(/root/limo_ws/install/limo_cerrado_sim/share/colcon-core/packages/limo_cerrado_sim)
[3.429s] DEBUG:colcon.colcon_parallel_executor.executor.parallel:closing loop
[3.430s] DEBUG:colcon.colcon_parallel_executor.executor.parallel:loop closed
[3.430s] DEBUG:colcon.colcon_parallel_executor.executor.parallel:run_until_complete finished with '0'
[3.430s] DEBUG:colcon.colcon_core.event_reactor:joining thread
[3.438s] INFO:colcon.colcon_core.plugin_system:Skipping extension 'colcon_notification.desktop_notification.notify_send': Could not find 'notify-send'
[3.438s] INFO:colcon.colcon_core.plugin_system:Skipping extension 'colcon_notification.desktop_notification.terminal_notifier': Not used on non-Darwin systems
[3.438s] INFO:colcon.colcon_core.plugin_system:Skipping extension 'colcon_notification.desktop_notification.win32': Not used on non-Windows systems
[3.438s] INFO:colcon.colcon_notification.desktop_notification:Sending desktop notification using 'notify2'
[3.441s] DEBUG:colcon.colcon_notification.desktop_notification.notify2:Failed to initialize notify2: org.freedesktop.DBus.Error.Spawn.ExecFailed: /usr/bin/dbus-launch terminated abnormally without any error message
[3.441s] DEBUG:colcon.colcon_core.event_reactor:joined thread
[3.441s] INFO:colcon.colcon_core.shell:Creating prefix script '/root/limo_ws/install/local_setup.ps1'
[3.442s] INFO:colcon.colcon_core.shell:Creating prefix util module '/root/limo_ws/install/_local_setup_util_ps1.py'
[3.442s] INFO:colcon.colcon_core.shell:Creating prefix chain script '/root/limo_ws/install/setup.ps1'
[3.444s] INFO:colcon.colcon_core.shell:Creating prefix script '/root/limo_ws/install/local_setup.sh'
[3.444s] INFO:colcon.colcon_core.shell:Creating prefix util module '/root/limo_ws/install/_local_setup_util_sh.py'
[3.444s] INFO:colcon.colcon_core.shell:Creating prefix chain script '/root/limo_ws/install/setup.sh'
[3.445s] INFO:colcon.colcon_core.shell:Creating prefix script '/root/limo_ws/install/local_setup.bash'
[3.445s] INFO:colcon.colcon_core.shell:Creating prefix chain script '/root/limo_ws/install/setup.bash'
[3.446s] INFO:colcon.colcon_core.shell:Creating prefix script '/root/limo_ws/install/local_setup.zsh'
[3.446s] INFO:colcon.colcon_core.shell:Creating prefix chain script '/root/limo_ws/install/setup.zsh'
