-- The C compiler identification is GNU 13.3.0
-- The CXX compiler identification is GNU 13.3.0
-- Detecting C compiler ABI info
-- Detecting C compiler ABI info - done
-- Check for working C compiler: /usr/bin/cc - skipped
-- Detecting C compile features
-- Detecting C compile features - done
-- Detecting CXX compiler ABI info
-- Detecting CXX compiler ABI info - done
-- Check for working CXX compiler: /usr/bin/c++ - skipped
-- Detecting CXX compile features
-- Detecting CXX compile features - done
-- Found ament_cmake: 2.5.6 (/opt/ros/jazzy/share/ament_cmake/cmake)
-- Found Python3: /usr/bin/python3 (found version "3.12.3") found components: Interpreter 
-- Override CMake install command with custom implementation using symlinks instead of copying resources
-- Found ament_lint_auto: 0.17.5 (/opt/ros/jazzy/share/ament_lint_auto/cmake)
-- Added test 'copyright' to check source files copyright and LICENSE
-- Added test 'flake8' to check Python code syntax and style conventions
-- Configured 'flake8' exclude dirs and/or files: 
-- Added test 'lint_cmake' to check CMake code style
-- Added test 'pep257' to check Python code against some of the docstring style conventions in PEP 257
-- Added test 'xmllint' to check XML markup files
-- Configuring done (0.8s)
-- Generating done (0.0s)
-- Build files have been written to: /root/limo_ws/build/limo_description
-- Install configuration: ""
-- Execute custom install script
-- Symlinking: /root/limo_ws/install/limo_description/share/limo_description/launch/display_models_diff.launch.py
-- Symlinking: /root/limo_ws/install/limo_description/share/limo_description/launch/gazebo_models_diff.launch.py
-- Symlinking: /root/limo_ws/install/limo_description/share/limo_description/meshes/limo_base.dae
-- Symlinking: /root/limo_ws/install/limo_description/share/limo_description/meshes/limo_base.stl
-- Symlinking: /root/limo_ws/install/limo_description/share/limo_description/meshes/limo_wheel.dae
-- Symlinking: /root/limo_ws/install/limo_description/share/limo_description/meshes/limo_wheel.stl
-- Symlinking: /root/limo_ws/install/limo_description/share/limo_description/rviz/model_display.rviz
-- Symlinking: /root/limo_ws/install/limo_description/share/limo_description/rviz/urdf.rviz
-- Symlinking: /root/limo_ws/install/limo_description/share/limo_description/urdf/limo_ackerman.gazebo
-- Symlinking: /root/limo_ws/install/limo_description/share/limo_description/urdf/limo_ackerman.xacro
-- Symlinking: /root/limo_ws/install/limo_description/share/limo_description/urdf/limo_four_diff.gazebo
-- Symlinking: /root/limo_ws/install/limo_description/share/limo_description/urdf/limo_four_diff.xacro
-- Symlinking: /root/limo_ws/install/limo_description/share/limo_description/urdf/limo_four_diff_2.gazebo
-- Symlinking: /root/limo_ws/install/limo_description/share/limo_description/urdf/limo_gazebo.gazebo
-- Symlinking: /root/limo_ws/install/limo_description/share/limo_description/urdf/limo_steering_hinge.xacro
-- Symlinking: /root/limo_ws/install/limo_description/share/limo_description/urdf/limo_xacro.xacro
-- Symlinking: /root/limo_ws/install/limo_description/share/ament_index/resource_index/package_run_dependencies/limo_description
-- Symlinking: /root/limo_ws/install/limo_description/share/ament_index/resource_index/parent_prefix_path/limo_description
-- Symlinking: /root/limo_ws/install/limo_description/share/limo_description/environment/ament_prefix_path.sh
-- Symlinking: /root/limo_ws/install/limo_description/share/limo_description/environment/ament_prefix_path.dsv
-- Symlinking: /root/limo_ws/install/limo_description/share/limo_description/environment/path.sh
-- Symlinking: /root/limo_ws/install/limo_description/share/limo_description/environment/path.dsv
-- Symlinking: /root/limo_ws/install/limo_description/share/limo_description/local_setup.bash
-- Symlinking: /root/limo_ws/install/limo_description/share/limo_description/local_setup.sh
-- Symlinking: /root/limo_ws/install/limo_description/share/limo_description/local_setup.zsh
-- Symlinking: /root/limo_ws/install/limo_description/share/limo_description/local_setup.dsv
-- Symlinking: /root/limo_ws/install/limo_description/share/limo_description/package.dsv
-- Symlinking: /root/limo_ws/install/limo_description/share/ament_index/resource_index/packages/limo_description
-- Symlinking: /root/limo_ws/install/limo_description/share/limo_description/cmake/limo_descriptionConfig.cmake
-- Symlinking: /root/limo_ws/install/limo_description/share/limo_description/cmake/limo_descriptionConfig-version.cmake
-- Symlinking: /root/limo_ws/install/limo_description/share/limo_description/package.xml
